// Jest Snapshot v1, https://goo.gl/fbAQLP

exports[`Gallery should match the snapshot 1`] = `
<div>
  <div
    class="2xl:grid-cols-[repeat(6,minmax(0,256px))] gap-4 grid grid-cols-[repeat(3,minmax(0,256px))] lg:grid-cols-[repeat(4,minmax(0,256px))] max-w-fit xl:grid-cols-[repeat(5,minmax(0,256px))]"
  />
</div>
`;
