// Jest Snapshot v1, https://goo.gl/fbAQLP

exports[`CarouselSlide should match the snapshot 1`] = `
<div>
  <figure
    class="flex flex-col items-center max-h-screen min-w-full px-2 sm:justify-center w-full"
  >
    <img
      alt=""
      class="max-h-full max-w-full mx-auto my-auto object-contain w-auto"
      data-nimg="1"
      decoding="async"
      height="100"
      loading="lazy"
      src="/_next/image?url=https%3A%2F%2Ffoo.com%2Fminimal.jpg&w=256&q=75"
      srcset="/_next/image?url=https%3A%2F%2Ffoo.com%2Fminimal.jpg&w=128&q=75 1x, /_next/image?url=https%3A%2F%2Ffoo.com%2Fminimal.jpg&w=256&q=75 2x"
      style="color: transparent;"
      width="100"
    />
  </figure>
</div>
`;
