// Jest Snapshot v1, https://goo.gl/fbAQLP

exports[`Footer should match the snapshot 1`] = `
<div>
  <footer
    class="flex flex-col gap-4 items-center"
  >
    <ul
      class="flex flex-col gap-x-8 gap-y-4 sm:flex-row"
    >
      <li>
        <div
          class="flex items-center"
        >
          <img
            alt="CMI, Board of Certification of Medical Illustrators."
            class="h-12 object-contain w-auto"
            data-nimg="1"
            decoding="async"
            height="48"
            loading="lazy"
            src="/_next/image?url=https%3A%2F%2Ffoo.com%2Fminimal.jpg&w=96&q=75"
            srcset="/_next/image?url=https%3A%2F%2Ffoo.com%2Fminimal.jpg&w=48&q=75 1x, /_next/image?url=https%3A%2F%2Ffoo.com%2Fminimal.jpg&w=96&q=75 2x"
            style="color: transparent;"
            width="48"
          />
          <p
            class="flex-shrink-0 leading-none ml-1"
          >
            <span
              class="font-bold text-nowrap uppercase"
            >
              Board Certified 
              <br />
              Medical Illustrator
            </span>
            <br />
            <span
              class="leading-none text-nowrap text-xs"
            >
              by the Board of Certification of Medical Illustrators
            </span>
          </p>
        </div>
      </li>
      <li>
        <img
          alt="Association of Medical Illustrators member."
          class="h-12 object-contain w-auto"
          data-nimg="1"
          decoding="async"
          height="100"
          loading="lazy"
          src="/_next/image?url=https%3A%2F%2Ffoo.com%2Fminimal.jpg&w=256&q=75"
          srcset="/_next/image?url=https%3A%2F%2Ffoo.com%2Fminimal.jpg&w=128&q=75 1x, /_next/image?url=https%3A%2F%2Ffoo.com%2Fminimal.jpg&w=256&q=75 2x"
          style="color: transparent;"
          width="100"
        />
      </li>
    </ul>
    <small>
      © 2014–2024 Abigail Richbourg Liberty. All rights reserved.
    </small>
  </footer>
</div>
`;
